../Core/Src/main.c:82:5:main	8	static
../Core/Src/main.c:138:6:SystemClock_Config	88	static
../Core/Src/main.c:181:6:system_init	8	static
../Core/Src/main.c:193:6:test_LedDebug	8	static
../Core/Src/main.c:200:6:test_7seg	8	static
../Core/Src/main.c:206:6:test_button	16	static
../Core/Src/main.c:215:6:updateTime	8	static
../Core/Src/main.c:225:9:isButtonUp	4	static
../Core/Src/main.c:232:9:isButtonDown	4	static
../Core/Src/main.c:244:6:runSystem	24	static
../Core/Src/main.c:613:6:displayTime	24	static
../Core/Src/main.c:628:6:Error_Handler	4	static,ignoring_inline_asm
