../Core/Src/main.c:83:5:main	8	static
../Core/Src/main.c:139:6:SystemClock_Config	88	static
../Core/Src/main.c:182:6:system_init	8	static
../Core/Src/main.c:196:6:test_LedDebug	8	static
../Core/Src/main.c:203:6:test_7seg	8	static
../Core/Src/main.c:209:6:test_button	16	static
../Core/Src/main.c:218:6:test_Uart	8	static
../Core/Src/main.c:229:6:updateTime	8	static
../Core/Src/main.c:239:9:isButtonUp	4	static
../Core/Src/main.c:246:9:isButtonDown	4	static
../Core/Src/main.c:258:6:runSystem	24	static
../Core/Src/main.c:627:6:displayTime	24	static
../Core/Src/main.c:642:6:Error_Handler	4	static,ignoring_inline_asm
